// Jest Snapshot v1, https://goo.gl/fbAQLP

exports[`Card Default snapshot 1`] = `
.emotion-0 {
  box-sizing: border-box;
  margin: 0;
  min-width: 0;
  padding: 8px;
  background-color: #fff;
  box-shadow: 0 0 4px rgba(0,0,0,.125);
}

<div
  className="emotion-0"
>
  Test
</div>
`;
