// Jest Snapshot v1, https://goo.gl/fbAQLP

exports[`Text Default snapshot 1`] = `
.emotion-0 {
  box-sizing: border-box;
  margin: 0;
  min-width: 0;
}

<div
  className="emotion-0"
>
  Test
</div>
`;
