// Jest Snapshot v1, https://goo.gl/fbAQLP

exports[`Heading Default snapshot 1`] = `
.emotion-0 {
  box-sizing: border-box;
  margin: 0;
  min-width: 0;
  font-size: 24px;
  font-family: inherit;
  font-weight: 700;
  line-height: 1.25;
  font-family: inherit;
  line-height: 1.25;
  font-weight: 700;
}

<h2
  className="emotion-0"
>
  Test
</h2>
`;
