// Jest Snapshot v1, https://goo.gl/fbAQLP

exports[`Lable Default snapshot 1`] = `
.emotion-0 {
  box-sizing: border-box;
  margin: 0;
  min-width: 0;
  width: 100%;
  display: -webkit-box;
  display: -webkit-flex;
  display: -ms-flexbox;
  display: flex;
}

<label
  className="emotion-0"
>
  Test
</label>
`;
