// Jest Snapshot v1, https://goo.gl/fbAQLP

exports[`Image Default snapshot 1`] = `
.emotion-0 {
  box-sizing: border-box;
  margin: 0;
  min-width: 0;
  max-width: 100%;
  height: auto;
}

<img
  className="emotion-0"
>
  Test
</img>
`;
