// Jest Snapshot v1, https://goo.gl/fbAQLP

exports[`Input Default snapshot 1`] = `
.emotion-0 {
  box-sizing: border-box;
  margin: 0;
  min-width: 0;
  display: block;
  width: 100%;
  padding: 8px;
  -webkit-appearance: none;
  -moz-appearance: none;
  appearance: none;
  font-size: inherit;
  line-height: inherit;
  border: 1px solid;
  border-radius: 4px;
  color: inherit;
  background-color: transparent;
}

<input
  className="emotion-0"
  type="text"
>
  Test
</input>
`;
