// Jest Snapshot v1, https://goo.gl/fbAQLP

exports[`Flex Default snapshot 1`] = `
.emotion-0 {
  box-sizing: border-box;
  margin: 0;
  min-width: 0;
  display: -webkit-box;
  display: -webkit-flex;
  display: -ms-flexbox;
  display: flex;
}

<div
  className="emotion-0"
>
  Test
</div>
`;
